// Jest Snapshot v1, https://goo.gl/fbAQLP

exports[`GET should return books in a category json 1`] = `"[{\\"rank\\":1,\\"title\\":\\"FOURTH WING\\",\\"author\\":\\"Rebecca Yarros\\",\\"primary_isbn10\\":\\"1649374046\\",\\"primary_isbn13\\":\\"9781649374042\\",\\"book_image\\":\\"https://storage.googleapis.com/du-prd/books/images/9781649374042.jpg\\"},{\\"rank\\":2,\\"title\\":\\"IRON FLAME\\",\\"author\\":\\"Rebecca Yarros\\",\\"primary_isbn10\\":\\"1649374178\\",\\"primary_isbn13\\":\\"9781649374172\\",\\"book_image\\":\\"https://storage.googleapis.com/du-prd/books/images/9781649374172.jpg\\"},{\\"rank\\":3,\\"title\\":\\"UNNATURAL DEATH\\",\\"author\\":\\"Patricia Cornwell\\",\\"primary_isbn10\\":\\"1538743191\\",\\"primary_isbn13\\":\\"9781538743195\\",\\"book_image\\":\\"https://storage.googleapis.com/du-prd/books/images/9781538743164.jpg\\"},{\\"rank\\":4,\\"title\\":\\"THE EXCHANGE\\",\\"author\\":\\"John Grisham\\",\\"primary_isbn10\\":\\"0385548958\\",\\"primary_isbn13\\":\\"9780385548953\\",\\"book_image\\":\\"https://storage.googleapis.com/du-prd/books/images/9780385548953.jpg\\"},{\\"rank\\":5,\\"title\\":\\"THE HEAVEN & EARTH GROCERY STORE\\",\\"author\\":\\"James McBride\\",\\"primary_isbn10\\":\\"0593422945\\",\\"primary_isbn13\\":\\"9780593422946\\",\\"book_image\\":\\"https://storage.googleapis.com/du-prd/books/images/9780593422946.jpg\\"},{\\"rank\\":6,\\"title\\":\\"LESSONS IN CHEMISTRY\\",\\"author\\":\\"Bonnie Garmus\\",\\"primary_isbn10\\":\\"038554734X\\",\\"primary_isbn13\\":\\"9780385547345\\",\\"book_image\\":\\"https://storage.googleapis.com/du-prd/books/images/9780385547345.jpg\\"},{\\"rank\\":7,\\"title\\":\\"ICEBREAKER\\",\\"author\\":\\"Hannah Grace\\",\\"primary_isbn10\\":\\"1668026031\\",\\"primary_isbn13\\":\\"9781668026038\\",\\"book_image\\":\\"https://storage.googleapis.com/du-prd/books/images/9781668026038.jpg\\"},{\\"rank\\":8,\\"title\\":\\"ALEX CROSS MUST DIE\\",\\"author\\":\\"James Patterson\\",\\"primary_isbn10\\":\\"0316402486\\",\\"primary_isbn13\\":\\"9780316402484\\",\\"book_image\\":\\"https://storage.googleapis.com/du-prd/books/images/9780316402484.jpg\\"},{\\"rank\\":9,\\"title\\":\\"THE EDGE\\",\\"author\\":\\"David Baldacci\\",\\"primary_isbn10\\":\\"1538719916\\",\\"primary_isbn13\\":\\"9781538719916\\",\\"book_image\\":\\"https://storage.googleapis.com/du-prd/books/images/9781538719916.jpg\\"},{\\"rank\\":10,\\"title\\":\\"THE LITTLE LIAR\\",\\"author\\":\\"Mitch Albom\\",\\"primary_isbn10\\":\\"0062406655\\",\\"primary_isbn13\\":\\"9780062406651\\",\\"book_image\\":\\"https://storage.googleapis.com/du-prd/books/images/9780062406651.jpg\\"},{\\"rank\\":11,\\"title\\":\\"INHERITANCE\\",\\"author\\":\\"Nora Roberts\\",\\"primary_isbn10\\":\\"1250288320\\",\\"primary_isbn13\\":\\"9781250288325\\",\\"book_image\\":\\"https://storage.googleapis.com/du-prd/books/images/9781250288325.jpg\\"},{\\"rank\\":12,\\"title\\":\\"RESURRECTION WALK\\",\\"author\\":\\"Michael Connelly\\",\\"primary_isbn10\\":\\"0316563765\\",\\"primary_isbn13\\":\\"9780316563765\\",\\"book_image\\":\\"https://storage.googleapis.com/du-prd/books/images/9780316563765.jpg\\"},{\\"rank\\":13,\\"title\\":\\"ALL THE LIGHT WE CANNOT SEE\\",\\"author\\":\\"Anthony Doerr\\",\\"primary_isbn10\\":\\"1501173219\\",\\"primary_isbn13\\":\\"9781501173219\\",\\"book_image\\":\\"https://storage.googleapis.com/du-prd/books/images/9781476746586.jpg\\"},{\\"rank\\":14,\\"title\\":\\"HOLLY\\",\\"author\\":\\"Stephen King\\",\\"primary_isbn10\\":\\"1668016133\\",\\"primary_isbn13\\":\\"9781668016138\\",\\"book_image\\":\\"https://storage.googleapis.com/du-prd/books/images/9781668016138.jpg\\"},{\\"rank\\":15,\\"title\\":\\"THE HOUSEMAID\\",\\"author\\":\\"Freida McFadden\\",\\"primary_isbn10\\":\\"1538742578\\",\\"primary_isbn13\\":\\"9781538742570\\",\\"book_image\\":\\"https://storage.googleapis.com/du-prd/books/images/9781538742570.jpg\\"}]"`;
