// Jest Snapshot v1, https://goo.gl/fbAQLP

exports[`GET should return listnames json 1`] = `"[{\\"list_name\\":\\"Combined Print and E-Book Fiction\\",\\"display_name\\":\\"Combined Print & E-Book Fiction\\",\\"list_name_encoded\\":\\"combined-print-and-e-book-fiction\\"},{\\"list_name\\":\\"Combined Print and E-Book Nonfiction\\",\\"display_name\\":\\"Combined Print & E-Book Nonfiction\\",\\"list_name_encoded\\":\\"combined-print-and-e-book-nonfiction\\"},{\\"list_name\\":\\"Hardcover Fiction\\",\\"display_name\\":\\"Hardcover Fiction\\",\\"list_name_encoded\\":\\"hardcover-fiction\\"},{\\"list_name\\":\\"Hardcover Nonfiction\\",\\"display_name\\":\\"Hardcover Nonfiction\\",\\"list_name_encoded\\":\\"hardcover-nonfiction\\"},{\\"list_name\\":\\"Trade Fiction Paperback\\",\\"display_name\\":\\"Paperback Trade Fiction\\",\\"list_name_encoded\\":\\"trade-fiction-paperback\\"},{\\"list_name\\":\\"Mass Market Paperback\\",\\"display_name\\":\\"Paperback Mass-Market Fiction\\",\\"list_name_encoded\\":\\"mass-market-paperback\\"},{\\"list_name\\":\\"Paperback Nonfiction\\",\\"display_name\\":\\"Paperback Nonfiction\\",\\"list_name_encoded\\":\\"paperback-nonfiction\\"},{\\"list_name\\":\\"E-Book Fiction\\",\\"display_name\\":\\"E-Book Fiction\\",\\"list_name_encoded\\":\\"e-book-fiction\\"},{\\"list_name\\":\\"E-Book Nonfiction\\",\\"display_name\\":\\"E-Book Nonfiction\\",\\"list_name_encoded\\":\\"e-book-nonfiction\\"},{\\"list_name\\":\\"Hardcover Advice\\",\\"display_name\\":\\"Hardcover Advice & Misc.\\",\\"list_name_encoded\\":\\"hardcover-advice\\"},{\\"list_name\\":\\"Paperback Advice\\",\\"display_name\\":\\"Paperback Advice & Misc.\\",\\"list_name_encoded\\":\\"paperback-advice\\"},{\\"list_name\\":\\"Advice How-To and Miscellaneous\\",\\"display_name\\":\\"Advice, How-To & Miscellaneous\\",\\"list_name_encoded\\":\\"advice-how-to-and-miscellaneous\\"},{\\"list_name\\":\\"Hardcover Graphic Books\\",\\"display_name\\":\\"Hardcover Graphic Books\\",\\"list_name_encoded\\":\\"hardcover-graphic-books\\"},{\\"list_name\\":\\"Paperback Graphic Books\\",\\"display_name\\":\\"Paperback Graphic Books\\",\\"list_name_encoded\\":\\"paperback-graphic-books\\"},{\\"list_name\\":\\"Manga\\",\\"display_name\\":\\"Manga\\",\\"list_name_encoded\\":\\"manga\\"},{\\"list_name\\":\\"Combined Print Fiction\\",\\"display_name\\":\\"Combined Hardcover & Paperback Fiction\\",\\"list_name_encoded\\":\\"combined-print-fiction\\"},{\\"list_name\\":\\"Combined Print Nonfiction\\",\\"display_name\\":\\"Combined Hardcover & Paperback Nonfiction\\",\\"list_name_encoded\\":\\"combined-print-nonfiction\\"},{\\"list_name\\":\\"Chapter Books\\",\\"display_name\\":\\"Children’s Chapter Books\\",\\"list_name_encoded\\":\\"chapter-books\\"},{\\"list_name\\":\\"Childrens Middle Grade\\",\\"display_name\\":\\"Children’s Middle Grade\\",\\"list_name_encoded\\":\\"childrens-middle-grade\\"},{\\"list_name\\":\\"Childrens Middle Grade E-Book\\",\\"display_name\\":\\"Children’s Middle Grade E-Book\\",\\"list_name_encoded\\":\\"childrens-middle-grade-e-book\\"},{\\"list_name\\":\\"Childrens Middle Grade Hardcover\\",\\"display_name\\":\\"Children’s Middle Grade Hardcover\\",\\"list_name_encoded\\":\\"childrens-middle-grade-hardcover\\"},{\\"list_name\\":\\"Childrens Middle Grade Paperback\\",\\"display_name\\":\\"Children’s Middle Grade Paperback\\",\\"list_name_encoded\\":\\"childrens-middle-grade-paperback\\"},{\\"list_name\\":\\"Paperback Books\\",\\"display_name\\":\\"Children’s Paperback Books\\",\\"list_name_encoded\\":\\"paperback-books\\"},{\\"list_name\\":\\"Picture Books\\",\\"display_name\\":\\"Children’s Picture Books\\",\\"list_name_encoded\\":\\"picture-books\\"},{\\"list_name\\":\\"Series Books\\",\\"display_name\\":\\"Children’s Series\\",\\"list_name_encoded\\":\\"series-books\\"},{\\"list_name\\":\\"Young Adult\\",\\"display_name\\":\\"Young Adult\\",\\"list_name_encoded\\":\\"young-adult\\"},{\\"list_name\\":\\"Young Adult E-Book\\",\\"display_name\\":\\"Young Adult E-Book\\",\\"list_name_encoded\\":\\"young-adult-e-book\\"},{\\"list_name\\":\\"Young Adult Hardcover\\",\\"display_name\\":\\"Young Adult Hardcover\\",\\"list_name_encoded\\":\\"young-adult-hardcover\\"},{\\"list_name\\":\\"Young Adult Paperback\\",\\"display_name\\":\\"Young Adult Paperback\\",\\"list_name_encoded\\":\\"young-adult-paperback\\"},{\\"list_name\\":\\"Animals\\",\\"display_name\\":\\"Animals\\",\\"list_name_encoded\\":\\"animals\\"},{\\"list_name\\":\\"Audio Fiction\\",\\"display_name\\":\\"Audio Fiction\\",\\"list_name_encoded\\":\\"audio-fiction\\"},{\\"list_name\\":\\"Audio Nonfiction\\",\\"display_name\\":\\"Audio Nonfiction\\",\\"list_name_encoded\\":\\"audio-nonfiction\\"},{\\"list_name\\":\\"Business Books\\",\\"display_name\\":\\"Business\\",\\"list_name_encoded\\":\\"business-books\\"},{\\"list_name\\":\\"Celebrities\\",\\"display_name\\":\\"Celebrities\\",\\"list_name_encoded\\":\\"celebrities\\"},{\\"list_name\\":\\"Crime and Punishment\\",\\"display_name\\":\\"Crime and Punishment\\",\\"list_name_encoded\\":\\"crime-and-punishment\\"},{\\"list_name\\":\\"Culture\\",\\"display_name\\":\\"Culture\\",\\"list_name_encoded\\":\\"culture\\"},{\\"list_name\\":\\"Education\\",\\"display_name\\":\\"Education\\",\\"list_name_encoded\\":\\"education\\"},{\\"list_name\\":\\"Espionage\\",\\"display_name\\":\\"Espionage\\",\\"list_name_encoded\\":\\"espionage\\"},{\\"list_name\\":\\"Expeditions Disasters and Adventures\\",\\"display_name\\":\\"Expeditions\\",\\"list_name_encoded\\":\\"expeditions-disasters-and-adventures\\"},{\\"list_name\\":\\"Fashion Manners and Customs\\",\\"display_name\\":\\"Fashion, Manners and Customs\\",\\"list_name_encoded\\":\\"fashion-manners-and-customs\\"},{\\"list_name\\":\\"Food and Fitness\\",\\"display_name\\":\\"Food and Diet\\",\\"list_name_encoded\\":\\"food-and-fitness\\"},{\\"list_name\\":\\"Games and Activities\\",\\"display_name\\":\\"Games and Activities\\",\\"list_name_encoded\\":\\"games-and-activities\\"},{\\"list_name\\":\\"Graphic Books and Manga\\",\\"display_name\\":\\"Graphic Books and Manga\\",\\"list_name_encoded\\":\\"graphic-books-and-manga\\"},{\\"list_name\\":\\"Hardcover Business Books\\",\\"display_name\\":\\"Hardcover Business Books\\",\\"list_name_encoded\\":\\"hardcover-business-books\\"},{\\"list_name\\":\\"Health\\",\\"display_name\\":\\"Health\\",\\"list_name_encoded\\":\\"health\\"},{\\"list_name\\":\\"Humor\\",\\"display_name\\":\\"Humor\\",\\"list_name_encoded\\":\\"humor\\"},{\\"list_name\\":\\"Indigenous Americans\\",\\"display_name\\":\\"Indigenous Americans\\",\\"list_name_encoded\\":\\"indigenous-americans\\"},{\\"list_name\\":\\"Relationships\\",\\"display_name\\":\\"Love and Relationships\\",\\"list_name_encoded\\":\\"relationships\\"},{\\"list_name\\":\\"Mass Market Monthly\\",\\"display_name\\":\\"Mass Market\\",\\"list_name_encoded\\":\\"mass-market-monthly\\"},{\\"list_name\\":\\"Middle Grade Paperback Monthly\\",\\"display_name\\":\\"Middle Grade Paperback\\",\\"list_name_encoded\\":\\"middle-grade-paperback-monthly\\"},{\\"list_name\\":\\"Paperback Business Books\\",\\"display_name\\":\\"Paperback Business Books\\",\\"list_name_encoded\\":\\"paperback-business-books\\"},{\\"list_name\\":\\"Family\\",\\"display_name\\":\\"Parenthood and Family\\",\\"list_name_encoded\\":\\"family\\"},{\\"list_name\\":\\"Hardcover Political Books\\",\\"display_name\\":\\"Politics and American History\\",\\"list_name_encoded\\":\\"hardcover-political-books\\"},{\\"list_name\\":\\"Race and Civil Rights\\",\\"display_name\\":\\"Race and Civil Rights\\",\\"list_name_encoded\\":\\"race-and-civil-rights\\"},{\\"list_name\\":\\"Religion Spirituality and Faith\\",\\"display_name\\":\\"Religion, Spirituality and Faith\\",\\"list_name_encoded\\":\\"religion-spirituality-and-faith\\"},{\\"list_name\\":\\"Science\\",\\"display_name\\":\\"Science\\",\\"list_name_encoded\\":\\"science\\"},{\\"list_name\\":\\"Sports\\",\\"display_name\\":\\"Sports and Fitness\\",\\"list_name_encoded\\":\\"sports\\"},{\\"list_name\\":\\"Travel\\",\\"display_name\\":\\"Travel\\",\\"list_name_encoded\\":\\"travel\\"},{\\"list_name\\":\\"Young Adult Paperback Monthly\\",\\"display_name\\":\\"Young Adult Paperback\\",\\"list_name_encoded\\":\\"young-adult-paperback-monthly\\"}]"`;
